[mdbootstrap.com/live/_MDB/templates/Admin/faq.html]
[backblue.gif]
[fade.gif]
[index.html]
[maxcdn.bootstrapcdn.com/font-awesome/4.6.0/css/font-awesome.min.css]
[mdbootstrap.com/live/_MDB/templates/Admin/css/bootstrap.min.css]
[mdbootstrap.com/live/_MDB/css/customizer.min.css]
[mdbootstrap.com/live/_MDB/templates/Admin/css/mdb.css]
[mdbootstrap.com/live/_MDB/templates/Admin/css/style.css]
[mdbootstrap.com/img/Others/sidenav1-min.jpg]
[mdbootstrap.com/img/Others/sidenav2-min.jpg]
[mdbootstrap.com/img/Others/sidenav3-min.jpg]
[mdbootstrap.com/img/Others/sidenav4-min.jpg]
[mdbootstrap.com/img/Photos/Avatars/avatar-5.jpg]
[mdbootstrap.com/live/_MDB/templates/Admin/home.html]
[mdbootstrap.com/live/_MDB/templates/Admin/home v2.html]
[mdbootstrap.com/live/_MDB/templates/Admin/home v3.html]
[mdbootstrap.com/live/_MDB/templates/Admin/analytics.html]
[mdbootstrap.com/live/_MDB/templates/Admin/modals.html]
[mdbootstrap.com/live/_MDB/templates/Admin/page-create.html]
[mdbootstrap.com/live/_MDB/templates/Admin/signup.html]
[mdbootstrap.com/live/_MDB/templates/Admin/signup v2.html]
[mdbootstrap.com/live/_MDB/templates/Admin/login.html]
[mdbootstrap.com/live/_MDB/templates/Admin/editaccount.html]
[mdbootstrap.com/live/_MDB/templates/Admin/seo-overview.html]
[mdbootstrap.com/live/_MDB/templates/Admin/clients.html]
[mdbootstrap.com/live/_MDB/templates/Admin/invoice.html]
[mdbootstrap.com/live/_MDB/templates/Admin/support.html]
[mdbootstrap.com/live/_MDB/templates/Admin/js/jquery-3.1.1.min.js]
[mdbootstrap.com/live/_MDB/templates/Admin/components/navigation.1a.delayed]
[mdbootstrap.com/live/_MDB/templates/Admin/js/tether.min.js]
[mdbootstrap.com/live/_MDB/templates/Admin/js/bootstrap.min.js]
[mdbootstrap.com/live/_MDB/js/customizer.min.js]
[mdbootstrap.com/live/_MDB/templates/Admin/faq.html]
[maxcdn.bootstrapcdn.com/font-awesome/4.6.0/css/font-awesome.min.css]
[mdbootstrap.com/live/_MDB/templates/Admin/css/bootstrap.min.css]
[mdbootstrap.com/live/_MDB/templates/Admin/font/roboto/Roboto-Thin.eot]
[mdbootstrap.com/live/_MDB/templates/Admin/font/roboto/Roboto-Thind41d.eot]
[mdbootstrap.com/live/_MDB/templates/Admin/font/roboto/Roboto-Thin.woff2]
[mdbootstrap.com/live/_MDB/templates/Admin/font/roboto/Roboto-Thin.woff]
[mdbootstrap.com/live/_MDB/templates/Admin/js/mdb.min.js]
[mdbootstrap.com/live/_MDB/templates/Admin/font/roboto/Roboto-Thin.ttf]
[mdbootstrap.com/live/_MDB/templates/Admin/font/roboto/Roboto-Light.eot]
[mdbootstrap.com/live/_MDB/templates/Admin/font/roboto/Roboto-Lightd41d.eot]
[mdbootstrap.com/live/_MDB/templates/Admin/font/roboto/Roboto-Light.woff2]
[mdbootstrap.com/live/_MDB/templates/Admin/font/roboto/Roboto-Light.woff]
[mdbootstrap.com/live/_MDB/templates/Admin/font/roboto/Roboto-Light.ttf]
[mdbootstrap.com/live/_MDB/templates/Admin/font/roboto/Roboto-Regular.eot]
[mdbootstrap.com/live/_MDB/templates/Admin/font/roboto/Roboto-Regulard41d.eot]
[mdbootstrap.com/live/_MDB/templates/Admin/font/roboto/Roboto-Regular.woff2]
[mdbootstrap.com/live/_MDB/templates/Admin/font/roboto/Roboto-Regular.woff]
[mdbootstrap.com/live/_MDB/templates/Admin/font/roboto/Roboto-Regular.ttf]
[mdbootstrap.com/live/_MDB/templates/Admin/font/roboto/Roboto-Medium.eot]
[mdbootstrap.com/live/_MDB/templates/Admin/font/roboto/Roboto-Mediumd41d.eot]
[mdbootstrap.com/live/_MDB/templates/Admin/font/roboto/Roboto-Medium.woff2]
[mdbootstrap.com/live/_MDB/templates/Admin/font/roboto/Roboto-Medium.woff]
[mdbootstrap.com/live/_MDB/templates/Admin/font/roboto/Roboto-Medium.ttf]
[mdbootstrap.com/live/_MDB/templates/Admin/font/roboto/Roboto-Bold.eot]
[mdbootstrap.com/live/_MDB/templates/Admin/font/roboto/Roboto-Boldd41d.eot]
[mdbootstrap.com/live/_MDB/templates/Admin/font/roboto/Roboto-Bold.woff2]
[mdbootstrap.com/live/_MDB/templates/Admin/font/roboto/Roboto-Bold.woff]
[mdbootstrap.com/live/_MDB/templates/Admin/font/roboto/Roboto-Bold.ttf]
[mdbootstrap.com/live/_MDB/templates/Admin/img/overlays/01.png]
[mdbootstrap.com/live/_MDB/templates/Admin/img/overlays/02.png]
[mdbootstrap.com/live/_MDB/templates/Admin/img/overlays/03.png]
[mdbootstrap.com/live/_MDB/templates/Admin/img/overlays/04.png]
[mdbootstrap.com/live/_MDB/templates/Admin/img/overlays/05.png]
[mdbootstrap.com/live/_MDB/templates/Admin/img/overlays/06.png]
[mdbootstrap.com/live/_MDB/templates/Admin/img/overlays/07.png]
[mdbootstrap.com/live/_MDB/templates/Admin/img/overlays/08.png]
[mdbootstrap.com/live/_MDB/templates/Admin/img/overlays/09.png]
[mdbootstrap.com/img/Photos/Others/sidenav1.jpg]
[mdbootstrap.com/img/Photos/Others/sidenav2.jpg]
[mdbootstrap.com/img/Photos/Others/sidenav3.jpg]
[mdbootstrap.com/img/Photos/Others/sidenav4.jpg]
[mdbootstrap.com/live/_MDB/templates/Admin/css/mdb.css]
[mdbootstrap.com/live/_MDB/css/customizer.min.css]
[mdbootstrap.com/live/_MDB/templates/Admin/css/style.css]
[mdbootstrap.com/img/Live/MDB/dashboard-na-fb-share.jpg]
[mdbootstrap.com/img/Photos/Horizontal/E-commerce/Products/img (4).jpg]
[mdbootstrap.com/img/Photos/Horizontal/E-commerce/Products/img (3).jpg]
[mdbootstrap.com/img/Photos/Horizontal/E-commerce/Products/img (2).jpg]
[mdbootstrap.com/live/_MDB/templates/Admin/home.html]
[mdbootstrap.com/img/Live/MDB/ecommerce-homepage2.jpg]
[mdbootstrap.com/live/_MDB/templates/Admin/home v2.html]
[mdbootstrap.com/img/Live/MDB/admin-homev3.jpg]
[mdbootstrap.com/live/_MDB/templates/Admin/img/flags/us.png]
[mdbootstrap.com/live/_MDB/templates/Admin/img/flags/in.png]
[mdbootstrap.com/live/_MDB/templates/Admin/img/flags/cn.png]
[mdbootstrap.com/live/_MDB/templates/Admin/img/flags/pl.png]
[mdbootstrap.com/live/_MDB/templates/Admin/img/flags/it.png]
[mdbootstrap.com/live/_MDB/templates/Admin/js/vendor/jvectormap/jquery-jvectormap-2.0.3.css]
[mdbootstrap.com/live/_MDB/templates/Admin/js/vendor/jvectormap/jquery-jvectormap-2.0.3.min.js]
[mdbootstrap.com/live/_MDB/templates/Admin/home v3.html]
[mdbootstrap.com/live/_MDB/templates/Admin/analytics.html]
[mdbootstrap.com/img/Live/MDB/06.03/admin-modals.jpg]
[mdbootstrap.com/live/_MDB/templates/Admin/js/vendor/jvectormap/jquery-jvectormap-world-mill.js]
[mdbootstrap.com/wp-content/uploads/2016/05/updatepro-min-1.jpg]
[mdbootstrap.com/live/_MDB/templates/Admin/modals.html]
[mdbootstrap.com/img/Live/MDB/20.03/admin-page-creator.jpg]
[mdbootstrap.com/live/_MDB/templates/Admin/page-create.html]
[mdbootstrap.com/img/Live/MDB/admin-login.jpg]
[mdbootstrap.com/live/_MDB/templates/Admin/js/mdb.js]
[mdbootstrap.com/live/_MDB/templates/Admin/signup.html]
[mdbootstrap.com/img/Live/MDB/admin.jpg]
[mdbootstrap.com/live/_MDB/templates/Admin/js/vendor/tinymce/tinymce.min.js]
[mdbootstrap.com/live/_MDB/templates/Admin/signup v2.html]
[mdbootstrap.com/img/Live/MDB/product-page.jpg]
[mdbootstrap.com/live/_MDB/templates/Admin/login.html]
[mdbootstrap.com/live/_MDB/templates/Admin/editaccount.html]
[mdbootstrap.com/live/_MDB/templates/Admin/seo-overview.html]
[mdbootstrap.com/wp-content/uploads/2015/10/avatar-2.jpg]
[mdbootstrap.com/live/_MDB/templates/Admin/clients.html]
[mdbootstrap.com/img/Live/MDB/admin-invoice-fb.jpg]
[mdbootstrap.com/live/_MDB/templates/Admin/invoice.html]
[mdbootstrap.com/img/Live/MDB/dashboard-fb.jpg]
[mdbootstrap.com/wp-content/uploads/2015/10/avatar-1.jpg]
[mdbootstrap.com/wp-content/uploads/2015/10/avatar-3.jpg]
[mdbootstrap.com/live/_MDB/templates/Admin/support.html]
[mdbootstrap.com/live/_MDB/templates/Admin/components/navigation.html]
[mdbootstrap.com/live/_MDB/templates/Admin/img/svg/arrow_left.svg]
[mdbootstrap.com/live/_MDB/templates/Admin/img/svg/arrow_right.svg]
[mdbootstrap.com/live/_MDB/templates/Admin/js/vendor/jvectormap/jquery-jvectormap-2.0.3.css]
